{"uid": "0", "label": 1, "token_id": [0, 133, 92, 659, 32, 2579, 615, 2, 2, 11243, 269, 3829, 5, 8946, 1795, 1437, 2], "type_id": [0, 0, 0, 0, 0, 0, 0, 0, 0, 0, 0, 0, 0, 0, 0, 0, 0], "mask": null}
{"uid": "1", "label": 0, "token_id": [0, 713, 1082, 1171, 10, 889, 9, 70, 2354, 4251, 8, 10, 1707, 868, 8503, 9, 1621, 2483, 7201, 4, 2, 2, 133, 1621, 2483, 7201, 15740, 15, 5, 998, 32, 45, 441, 7, 28, 10593, 4, 2], "type_id": [0, 0, 0, 0, 0, 0, 0, 0, 0, 0, 0, 0, 0, 0, 0, 0, 0, 0, 0, 0, 0, 0, 0, 0, 0, 0, 0, 0, 0, 0, 0, 0, 0, 0, 0, 0, 0, 0], "mask": null}
{"uid": "2", "label": 2, "token_id": [0, 2957, 939, 218, 75, 216, 939, 939, 33, 4281, 8597, 59, 123, 37463, 2128, 939, 101, 123, 53, 23, 5, 276, 498, 939, 657, 7, 192, 4909, 1451, 123, 2, 2, 100, 101, 123, 13, 5, 144, 233, 6, 53, 74, 202, 2254, 1782, 951, 1451, 123, 4, 2], "type_id": [0, 0, 0, 0, 0, 0, 0, 0, 0, 0, 0, 0, 0, 0, 0, 0, 0, 0, 0, 0, 0, 0, 0, 0, 0, 0, 0, 0, 0, 0, 0, 0, 0, 0, 0, 0, 0, 0, 0, 0, 0, 0, 0, 0, 0, 0, 0, 0, 0, 0], "mask": null}
{"uid": "3", "label": 0, "token_id": [0, 42803, 939, 939, 206, 127, 2674, 2391, 16, 460, 57, 5, 65, 8099, 1437, 47, 216, 5, 8099, 25, 251, 25, 24, 18, 24, 6616, 5, 3527, 8608, 47, 216, 9, 205, 689, 2, 2, 2387, 2674, 4329, 32, 460, 23, 513, 10, 6317, 1788, 409, 31, 127, 790, 4, 1437, 2], "type_id": [0, 0, 0, 0, 0, 0, 0, 0, 0, 0, 0, 0, 0, 0, 0, 0, 0, 0, 0, 0, 0, 0, 0, 0, 0, 0, 0, 0, 0, 0, 0, 0, 0, 0, 0, 0, 0, 0, 0, 0, 0, 0, 0, 0, 0, 0, 0, 0, 0, 0, 0, 0, 0], "mask": null}
{"uid": "4", "label": 0, "token_id": [0, 118, 218, 75, 216, 7252, 109, 47, 109, 10, 319, 9, 16724, 2, 2, 100, 216, 2230, 4, 2], "type_id": [0, 0, 0, 0, 0, 0, 0, 0, 0, 0, 0, 0, 0, 0, 0, 0, 0, 0, 0, 0], "mask": null}
