{"uid": "0", "label": 0, "token_id": [0, 510, 3376, 771, 128, 29, 834, 1633, 1036, 2156, 1483, 31922, 2156, 8, 2618, 5036, 2156, 5, 834, 613, 1036, 2156, 40, 266, 2024, 7, 427, 407, 479, 2, 2, 42124, 1231, 11763, 2817, 1483, 31922, 8, 826, 1231, 2108, 2817, 2618, 5036, 40, 266, 7, 407, 479, 2], "type_id": [0, 0, 0, 0, 0, 0, 0, 0, 0, 0, 0, 0, 0, 0, 0, 0, 0, 0, 0, 0, 0, 0, 0, 0, 0, 0, 0, 0, 0, 0, 0, 0, 0, 0, 0, 0, 0, 0, 0, 0, 0, 0, 0, 0, 0, 0, 0, 0, 0, 0], "mask": null}
{"uid": "1", "label": 0, "token_id": [0, 133, 232, 128, 29, 80, 1154, 15422, 26, 49, 121, 4, 104, 4, 647, 1981, 55, 87, 6126, 94, 353, 25, 10, 628, 1035, 647, 23244, 1726, 55, 9, 41, 539, 10279, 87, 421, 479, 2, 2, 39914, 23862, 647, 23, 258, 5323, 8, 440, 4, 132, 2493, 5512, 944, 4, 1981, 55, 87, 6126, 25, 10, 628, 1035, 647, 23244, 5256, 10, 2514, 12, 5652, 12, 10162, 539, 10279, 479, 2], "type_id": [0, 0, 0, 0, 0, 0, 0, 0, 0, 0, 0, 0, 0, 0, 0, 0, 0, 0, 0, 0, 0, 0, 0, 0, 0, 0, 0, 0, 0, 0, 0, 0, 0, 0, 0, 0, 0, 0, 0, 0, 0, 0, 0, 0, 0, 0, 0, 0, 0, 0, 0, 0, 0, 0, 0, 0, 0, 0, 0, 0, 0, 0, 0, 0, 0, 0, 0, 0, 0, 0, 0, 0, 0], "mask": null}
{"uid": "2", "label": 0, "token_id": [0, 14693, 7, 5, 752, 11825, 13, 11817, 6007, 8, 10693, 36, 340, 111, 3748, 3091, 4839, 2156, 89, 58, 753, 431, 1200, 9, 26143, 11, 5, 315, 532, 11, 5241, 479, 2, 2, 133, 11825, 13, 11817, 6007, 8, 10693, 26, 89, 58, 753, 431, 1200, 9, 26143, 11, 5, 315, 532, 11, 5241, 479, 2], "type_id": [0, 0, 0, 0, 0, 0, 0, 0, 0, 0, 0, 0, 0, 0, 0, 0, 0, 0, 0, 0, 0, 0, 0, 0, 0, 0, 0, 0, 0, 0, 0, 0, 0, 0, 0, 0, 0, 0, 0, 0, 0, 0, 0, 0, 0, 0, 0, 0, 0, 0, 0, 0, 0, 0, 0, 0, 0], "mask": null}
{"uid": "3", "label": 0, "token_id": [0, 250, 10602, 2130, 6042, 2226, 11, 5, 4602, 9, 1625, 395, 8, 21, 421, 7, 478, 6152, 552, 5, 1184, 50, 5993, 31676, 30, 302, 363, 479, 2, 2, 250, 10602, 2130, 6042, 2226, 11, 5, 4602, 9, 1625, 15, 395, 8, 115, 33, 6874, 12, 9091, 2372, 77, 24, 2323, 1212, 6152, 552, 5, 5993, 3673, 302, 363, 479, 2], "type_id": [0, 0, 0, 0, 0, 0, 0, 0, 0, 0, 0, 0, 0, 0, 0, 0, 0, 0, 0, 0, 0, 0, 0, 0, 0, 0, 0, 0, 0, 0, 0, 0, 0, 0, 0, 0, 0, 0, 0, 0, 0, 0, 0, 0, 0, 0, 0, 0, 0, 0, 0, 0, 0, 0, 0, 0, 0, 0, 0, 0, 0, 0], "mask": null}
{"uid": "4", "label": 0, "token_id": [0, 133, 138, 399, 128, 90, 4617, 5, 1042, 9, 5, 5010, 8, 9534, 479, 2, 2, 1708, 138, 503, 1057, 5, 1042, 9, 5, 5010, 173, 7, 422, 88, 5, 2535, 9, 1932, 479, 2], "type_id": [0, 0, 0, 0, 0, 0, 0, 0, 0, 0, 0, 0, 0, 0, 0, 0, 0, 0, 0, 0, 0, 0, 0, 0, 0, 0, 0, 0, 0, 0, 0, 0, 0, 0, 0, 0], "mask": null}
