{"uid": "0", "label": 1, "token_id": [0, 2264, 376, 88, 1370, 71, 5, 92, 7255, 21, 23960, 116, 2, 2, 1620, 9, 14, 183, 6, 5, 92, 7255, 23960, 154, 5, 4665, 3497, 376, 88, 1370, 4, 2], "type_id": [0, 0, 0, 0, 0, 0, 0, 0, 0, 0, 0, 0, 0, 0, 0, 0, 0, 0, 0, 0, 0, 0, 0, 0, 0, 0, 0, 0, 0, 0, 0, 0], "mask": null}
{"uid": "1", "label": 0, "token_id": [0, 2264, 16, 5, 78, 538, 343, 11, 5, 4615, 9, 5, 8778, 833, 116, 2, 2, 133, 144, 505, 326, 24008, 5119, 11, 42, 443, 32, 5, 12285, 874, 9, 23374, 26695, 6, 5, 33224, 271, 11, 11892, 10436, 8, 5, 4326, 420, 31, 4326, 329, 4, 2], "type_id": [0, 0, 0, 0, 0, 0, 0, 0, 0, 0, 0, 0, 0, 0, 0, 0, 0, 0, 0, 0, 0, 0, 0, 0, 0, 0, 0, 0, 0, 0, 0, 0, 0, 0, 0, 0, 0, 0, 0, 0, 0, 0, 0, 0, 0, 0, 0, 0, 0], "mask": null}
{"uid": "2", "label": 0, "token_id": [0, 2264, 16, 5, 3527, 1552, 114, 47, 236, 7, 6396, 11, 896, 116, 2, 2, 1121, 144, 10453, 10, 200, 11715, 18, 27631, 215, 25, 10, 11715, 9, 3061, 16, 1552, 7, 555, 10, 6048, 3254, 4, 2], "type_id": [0, 0, 0, 0, 0, 0, 0, 0, 0, 0, 0, 0, 0, 0, 0, 0, 0, 0, 0, 0, 0, 0, 0, 0, 0, 0, 0, 0, 0, 0, 0, 0, 0, 0, 0, 0, 0, 0, 0], "mask": null}
{"uid": "3", "label": 1, "token_id": [0, 6179, 21, 9188, 2768, 17177, 1682, 19537, 30, 5, 18970, 20000, 108, 1906, 116, 2, 2, 133, 18970, 20000, 108, 1906, 38216, 9188, 2768, 17177, 36, 28422, 352, 19, 10, 64, 28338, 6, 10, 2345, 9, 15295, 1815, 238, 53, 19, 5, 244, 9, 10, 22869, 2510, 6, 5, 1150, 9, 732, 718, 7381, 36, 8155, 423, 1059, 10, 937, 9, 4380, 4147, 354, 3338, 238, 37, 21, 441, 7, 5111, 31, 5, 18250, 36, 219, 7363, 43, 11, 5, 1692, 9, 5, 363, 30, 9646, 11, 10, 4908, 8633, 36237, 31274, 438, 12257, 956, 742, 2], "type_id": [0, 0, 0, 0, 0, 0, 0, 0, 0, 0, 0, 0, 0, 0, 0, 0, 0, 0, 0, 0, 0, 0, 0, 0, 0, 0, 0, 0, 0, 0, 0, 0, 0, 0, 0, 0, 0, 0, 0, 0, 0, 0, 0, 0, 0, 0, 0, 0, 0, 0, 0, 0, 0, 0, 0, 0, 0, 0, 0, 0, 0, 0, 0, 0, 0, 0, 0, 0, 0, 0, 0, 0, 0, 0, 0, 0, 0, 0, 0, 0, 0, 0, 0, 0, 0, 0, 0, 0, 0, 0, 0, 0, 0, 0, 0, 0, 0, 0], "mask": null}
{"uid": "4", "label": 0, "token_id": [0, 2264, 222, 1405, 338, 24574, 6, 32325, 22362, 225, 885, 853, 555, 684, 25, 17487, 2, 2, 894, 40127, 338, 11835, 5, 2941, 926, 783, 25, 22, 725, 14385, 24574, 6, 32325, 22362, 225, 885, 853, 113, 19, 10, 30082, 1026, 9, 5, 33301, 4, 2], "type_id": [0, 0, 0, 0, 0, 0, 0, 0, 0, 0, 0, 0, 0, 0, 0, 0, 0, 0, 0, 0, 0, 0, 0, 0, 0, 0, 0, 0, 0, 0, 0, 0, 0, 0, 0, 0, 0, 0, 0, 0, 0, 0, 0, 0, 0, 0, 0], "mask": null}
