{"uid": "0", "label": 0, "token_id": [0, 3084, 28054, 9, 5370, 43207, 11911, 11, 3345, 3507, 4, 2, 2, 48637, 9, 5370, 43207, 11911, 11, 3345, 4, 2], "type_id": [0, 0, 0, 0, 0, 0, 0, 0, 0, 0, 0, 0, 0, 0, 0, 0, 0, 0, 0, 0, 0, 0], "mask": null}
{"uid": "1", "label": 1, "token_id": [0, 250, 317, 9, 26130, 6, 71, 8509, 610, 1206, 3082, 962, 6, 1059, 10, 317, 9, 4821, 6, 25, 7733, 4019, 15828, 4366, 11, 3301, 1568, 7, 2458, 5, 8809, 9, 92, 8509, 20742, 42171, 4, 2, 2, 36017, 20742, 42171, 16, 5, 92, 884, 9, 5, 7733, 4019, 2197, 4, 2], "type_id": [0, 0, 0, 0, 0, 0, 0, 0, 0, 0, 0, 0, 0, 0, 0, 0, 0, 0, 0, 0, 0, 0, 0, 0, 0, 0, 0, 0, 0, 0, 0, 0, 0, 0, 0, 0, 0, 0, 0, 0, 0, 0, 0, 0, 0, 0, 0, 0, 0, 0, 0, 0, 0], "mask": null}
{"uid": "2", "label": 1, "token_id": [0, 13584, 16771, 179, 21, 416, 2033, 7, 3951, 5, 4736, 990, 6181, 1668, 1484, 6, 8, 5, 138, 26, 6, 302, 6, 24, 40, 2268, 19, 752, 5904, 5, 3302, 9, 30724, 5, 1262, 13, 55, 6181, 1668, 1484, 4, 2, 2, 13584, 16771, 179, 64, 28, 341, 7, 3951, 6181, 1668, 4, 2], "type_id": [0, 0, 0, 0, 0, 0, 0, 0, 0, 0, 0, 0, 0, 0, 0, 0, 0, 0, 0, 0, 0, 0, 0, 0, 0, 0, 0, 0, 0, 0, 0, 0, 0, 0, 0, 0, 0, 0, 0, 0, 0, 0, 0, 0, 0, 0, 0, 0, 0, 0, 0, 0, 0, 0, 0], "mask": null}
{"uid": "3", "label": 1, "token_id": [0, 36728, 324, 12701, 811, 6, 834, 1031, 23, 1698, 21243, 2426, 6, 10, 1131, 544, 138, 14, 2607, 9844, 5, 132, 12, 180, 12, 279, 5490, 6924, 2534, 11, 5082, 12718, 3635, 298, 412, 36, 30520, 4141, 32410, 238, 26, 14, 98, 444, 59, 112, 6, 1497, 408, 33, 829, 1416, 4, 2, 2, 133, 986, 766, 9, 5082, 12718, 3635, 298, 412, 21, 4141, 32410, 4, 2], "type_id": [0, 0, 0, 0, 0, 0, 0, 0, 0, 0, 0, 0, 0, 0, 0, 0, 0, 0, 0, 0, 0, 0, 0, 0, 0, 0, 0, 0, 0, 0, 0, 0, 0, 0, 0, 0, 0, 0, 0, 0, 0, 0, 0, 0, 0, 0, 0, 0, 0, 0, 0, 0, 0, 0, 0, 0, 0, 0, 0, 0, 0, 0, 0, 0, 0, 0, 0, 0, 0], "mask": null}
{"uid": "4", "label": 0, "token_id": [0, 250, 313, 16, 528, 11, 461, 423, 1340, 19, 5, 1900, 973, 107, 536, 9, 10, 7044, 1060, 403, 21, 5, 78, 7, 28, 3520, 15, 3295, 509, 18, 22548, 2753, 11175, 4, 944, 13476, 21918, 6, 545, 6, 21, 3051, 7, 69, 6578, 18, 790, 11, 4300, 5985, 6, 17142, 9959, 6, 15, 389, 779, 13668, 77, 79, 9939, 4, 1405, 809, 21, 423, 303, 11, 10, 882, 593, 7, 69, 184, 4, 1206, 6192, 21274, 6, 654, 6, 34, 57, 1340, 19, 1900, 8, 16, 528, 137, 17142, 9931, 15596, 423, 4, 2, 2, 12083, 6192, 21274, 16, 1238, 9, 519, 9229, 10, 1816, 4, 2], "type_id": [0, 0, 0, 0, 0, 0, 0, 0, 0, 0, 0, 0, 0, 0, 0, 0, 0, 0, 0, 0, 0, 0, 0, 0, 0, 0, 0, 0, 0, 0, 0, 0, 0, 0, 0, 0, 0, 0, 0, 0, 0, 0, 0, 0, 0, 0, 0, 0, 0, 0, 0, 0, 0, 0, 0, 0, 0, 0, 0, 0, 0, 0, 0, 0, 0, 0, 0, 0, 0, 0, 0, 0, 0, 0, 0, 0, 0, 0, 0, 0, 0, 0, 0, 0, 0, 0, 0, 0, 0, 0, 0, 0, 0, 0, 0, 0, 0, 0, 0, 0, 0, 0, 0, 0, 0, 0, 0, 0, 0], "mask": null}
