{"uid": "0", "label": 0, "token_id": [0, 448, 1097, 2560, 21, 17323, 71, 4145, 18257, 3119, 18, 2761, 40371, 3592, 840, 1350, 2560, 6, 54, 21, 5, 78, 4562, 11, 5, 403, 4, 2, 2, 3609, 1350, 2560, 16, 1330, 7, 12756, 2560, 4, 2], "type_id": [0, 0, 0, 0, 0, 0, 0, 0, 0, 0, 0, 0, 0, 0, 0, 0, 0, 0, 0, 0, 0, 0, 0, 0, 0, 0, 0, 0, 0, 0, 0, 0, 0, 0, 0, 0, 0, 0, 0], "mask": null}
{"uid": "1", "label": 0, "token_id": [0, 29151, 11, 2910, 224, 14, 55, 87, 1878, 82, 32, 145, 547, 16301, 11, 10, 1789, 11, 5, 247, 18, 6063, 6, 1645, 811, 12, 267, 43706, 194, 9, 248, 24639, 493, 4, 2, 2, 29151, 11, 2910, 946, 1878, 82, 25, 16301, 4, 2], "type_id": [0, 0, 0, 0, 0, 0, 0, 0, 0, 0, 0, 0, 0, 0, 0, 0, 0, 0, 0, 0, 0, 0, 0, 0, 0, 0, 0, 0, 0, 0, 0, 0, 0, 0, 0, 0, 0, 0, 0, 0, 0, 0, 0, 0, 0, 0], "mask": null}
{"uid": "2", "label": 0, "token_id": [0, 250, 44257, 333, 15828, 7, 5, 3279, 1657, 2961, 714, 9, 320, 12199, 3979, 661, 35886, 19309, 42675, 6343, 329, 4487, 41, 38, 5944, 2484, 11441, 7, 5, 6291, 3158, 23, 12087, 612, 15, 973, 494, 11, 1448, 344, 636, 6457, 6, 5424, 8, 848, 41, 6291, 3158, 5015, 8, 5424, 292, 643, 4, 2, 2, 4688, 6291, 3158, 5015, 21, 848, 30, 10, 44257, 333, 4, 2], "type_id": [0, 0, 0, 0, 0, 0, 0, 0, 0, 0, 0, 0, 0, 0, 0, 0, 0, 0, 0, 0, 0, 0, 0, 0, 0, 0, 0, 0, 0, 0, 0, 0, 0, 0, 0, 0, 0, 0, 0, 0, 0, 0, 0, 0, 0, 0, 0, 0, 0, 0, 0, 0, 0, 0, 0, 0, 0, 0, 0, 0, 0, 0, 0, 0, 0, 0, 0, 0, 0], "mask": null}
{"uid": "3", "label": 0, "token_id": [0, 133, 1089, 6499, 7, 5028, 6, 9520, 3037, 4179, 352, 6, 174, 1201, 15, 302, 14, 1247, 56, 11603, 5, 889, 9, 158, 716, 15, 8204, 31, 2106, 451, 8, 31, 1232, 1060, 6774, 33, 45, 57, 11, 1511, 187, 5, 19918, 4, 2, 2, 495, 37623, 3037, 4179, 352, 26327, 11, 5028, 4, 2], "type_id": [0, 0, 0, 0, 0, 0, 0, 0, 0, 0, 0, 0, 0, 0, 0, 0, 0, 0, 0, 0, 0, 0, 0, 0, 0, 0, 0, 0, 0, 0, 0, 0, 0, 0, 0, 0, 0, 0, 0, 0, 0, 0, 0, 0, 0, 0, 0, 0, 0, 0, 0, 0, 0, 0, 0, 0], "mask": null}
{"uid": "4", "label": 0, "token_id": [0, 565, 1452, 1264, 2319, 11720, 931, 23, 237, 12321, 7187, 30, 926, 4311, 19102, 480, 21736, 19102, 18, 654, 12, 1096, 2660, 5057, 19, 926, 1456, 268, 480, 115, 1338, 2357, 153, 512, 2923, 42, 76, 4, 2, 2, 387, 5992, 19102, 16, 10, 265, 1784, 9, 926, 1456, 268, 4, 2], "type_id": [0, 0, 0, 0, 0, 0, 0, 0, 0, 0, 0, 0, 0, 0, 0, 0, 0, 0, 0, 0, 0, 0, 0, 0, 0, 0, 0, 0, 0, 0, 0, 0, 0, 0, 0, 0, 0, 0, 0, 0, 0, 0, 0, 0, 0, 0, 0, 0, 0, 0, 0, 0, 0], "mask": null}
