{"uid": "0", "label": 0, "token_id": [0, 20930, 15, 5, 889, 1286, 9, 5, 2939, 9, 15883, 112, 12, 406, 6, 3278, 5, 39228, 9, 349, 4727, 8, 638, 5, 346, 11, 5, 414, 2103, 11, 5, 2319, 39228, 6730, 4, 2, 2, 1106, 10, 6572, 34, 10, 7843, 923, 2388, 87, 262, 6, 6025, 8711, 14, 24, 16, 1542, 4, 2], "type_id": [0, 0, 0, 0, 0, 0, 0, 0, 0, 0, 0, 0, 0, 0, 0, 0, 0, 0, 0, 0, 0, 0, 0, 0, 0, 0, 0, 0, 0, 0, 0, 0, 0, 0, 0, 0, 0, 0, 0, 0, 0, 0, 0, 0, 0, 0, 0, 0, 0, 0, 0, 0, 0, 0, 0, 0], "mask": null}
{"uid": "1", "label": 0, "token_id": [0, 1106, 65, 50, 80, 1437, 1437, 1437, 1437, 1437, 1437, 1437, 1437, 1437, 1437, 1437, 1542, 15029, 32, 1714, 36, 26121, 1070, 238, 5, 37961, 40, 5998, 7, 2179, 5083, 4, 2, 2, 1121, 2802, 859, 42428, 36, 463, 723, 3122, 43, 64, 67, 28, 2325, 11, 65, 9, 80, 1134, 716, 15, 141, 51, 2179, 25, 32293, 4, 2], "type_id": [0, 0, 0, 0, 0, 0, 0, 0, 0, 0, 0, 0, 0, 0, 0, 0, 0, 0, 0, 0, 0, 0, 0, 0, 0, 0, 0, 0, 0, 0, 0, 0, 0, 0, 0, 0, 0, 0, 0, 0, 0, 0, 0, 0, 0, 0, 0, 0, 0, 0, 0, 0, 0, 0, 0, 0, 0, 0, 0, 0, 0], "mask": null}
{"uid": "2", "label": 0, "token_id": [0, 3750, 239, 3971, 6, 5, 2705, 31800, 33894, 88, 10, 1123, 396, 655, 1959, 10, 6936, 4, 2, 2, 534, 9354, 8, 26140, 555, 9281, 7823, 23, 614, 3971, 4, 2], "type_id": [0, 0, 0, 0, 0, 0, 0, 0, 0, 0, 0, 0, 0, 0, 0, 0, 0, 0, 0, 0, 0, 0, 0, 0, 0, 0, 0, 0, 0, 0, 0, 0], "mask": null}
{"uid": "3", "label": 0, "token_id": [0, 45642, 365, 5664, 8, 12823, 15557, 26305, 479, 2, 2, 133, 3650, 9, 5631, 20038, 16, 2002, 30, 42801, 22481, 6680, 4, 2], "type_id": [0, 0, 0, 0, 0, 0, 0, 0, 0, 0, 0, 0, 0, 0, 0, 0, 0, 0, 0, 0, 0, 0, 0, 0], "mask": null}
{"uid": "4", "label": 0, "token_id": [0, 16991, 5, 19570, 22196, 8, 5, 6444, 636, 22196, 32, 540, 19790, 87, 5, 30849, 4, 2, 2, 534, 8448, 1001, 16, 10, 2933, 19790, 3152, 14, 64, 28, 303, 11, 5, 6444, 636, 22196, 4, 2], "type_id": [0, 0, 0, 0, 0, 0, 0, 0, 0, 0, 0, 0, 0, 0, 0, 0, 0, 0, 0, 0, 0, 0, 0, 0, 0, 0, 0, 0, 0, 0, 0, 0, 0, 0, 0, 0, 0, 0], "mask": null}
