{"uid": "0", "label": 1, "token_id": [0, 713, 2352, 18558, 22707, 7, 5, 15444, 25, 51, 7884, 5823, 1827, 3686, 31, 5, 1040, 23, 10, 2352, 4, 2, 2, 133, 2352, 34, 17873, 11, 5, 9920, 4, 2], "type_id": [0, 0, 0, 0, 0, 0, 0, 0, 0, 0, 0, 0, 0, 0, 0, 0, 0, 0, 0, 0, 0, 0, 0, 0, 0, 0, 0, 0, 0, 0, 0, 0], "mask": null}
{"uid": "1", "label": 2, "token_id": [0, 713, 2352, 18558, 22707, 7, 5, 15444, 25, 51, 7884, 5823, 1827, 3686, 31, 5, 1040, 23, 10, 2352, 4, 2, 2, 133, 2352, 16, 3820, 19, 2214, 4, 2], "type_id": [0, 0, 0, 0, 0, 0, 0, 0, 0, 0, 0, 0, 0, 0, 0, 0, 0, 0, 0, 0, 0, 0, 0, 0, 0, 0, 0, 0, 0, 0, 0], "mask": null}
{"uid": "2", "label": 0, "token_id": [0, 713, 2352, 18558, 22707, 7, 5, 15444, 25, 51, 7884, 5823, 1827, 3686, 31, 5, 1040, 23, 10, 2352, 4, 2, 2, 250, 18558, 6970, 23, 10, 3403, 177, 4, 2], "type_id": [0, 0, 0, 0, 0, 0, 0, 0, 0, 0, 0, 0, 0, 0, 0, 0, 0, 0, 0, 0, 0, 0, 0, 0, 0, 0, 0, 0, 0, 0, 0, 0], "mask": null}
{"uid": "3", "label": 1, "token_id": [0, 250, 693, 19, 10, 2272, 471, 25713, 506, 6, 2440, 6399, 8, 10, 182, 380, 30986, 4, 2, 2, 133, 693, 16, 664, 4, 2], "type_id": [0, 0, 0, 0, 0, 0, 0, 0, 0, 0, 0, 0, 0, 0, 0, 0, 0, 0, 0, 0, 0, 0, 0, 0, 0, 0], "mask": null}
{"uid": "4", "label": 2, "token_id": [0, 250, 693, 19, 10, 2272, 471, 25713, 506, 6, 2440, 6399, 8, 10, 182, 380, 30986, 4, 2, 2, 133, 693, 16, 182, 1372, 4, 2], "type_id": [0, 0, 0, 0, 0, 0, 0, 0, 0, 0, 0, 0, 0, 0, 0, 0, 0, 0, 0, 0, 0, 0, 0, 0, 0, 0, 0], "mask": null}
