{"uid": "0", "label": 1, "token_id": [0, 250, 621, 15, 10, 5253, 13855, 81, 10, 3187, 159, 16847, 4, 2, 2, 250, 621, 16, 1058, 39, 5253, 13, 10, 1465, 4, 2], "type_id": [0, 0, 0, 0, 0, 0, 0, 0, 0, 0, 0, 0, 0, 0, 0, 0, 0, 0, 0, 0, 0, 0, 0, 0, 0, 0], "mask": null}
{"uid": "1", "label": 0, "token_id": [0, 250, 621, 15, 10, 5253, 13855, 81, 10, 3187, 159, 16847, 4, 2, 2, 250, 621, 16, 23, 10, 33255, 6, 12926, 41, 1021, 1794, 13476, 4, 2], "type_id": [0, 0, 0, 0, 0, 0, 0, 0, 0, 0, 0, 0, 0, 0, 0, 0, 0, 0, 0, 0, 0, 0, 0, 0, 0, 0, 0, 0, 0], "mask": null}
{"uid": "2", "label": 2, "token_id": [0, 250, 621, 15, 10, 5253, 13855, 81, 10, 3187, 159, 16847, 4, 2, 2, 250, 621, 16, 13384, 6, 15, 10, 5253, 4, 2], "type_id": [0, 0, 0, 0, 0, 0, 0, 0, 0, 0, 0, 0, 0, 0, 0, 0, 0, 0, 0, 0, 0, 0, 0, 0, 0], "mask": null}
{"uid": "3", "label": 1, "token_id": [0, 31008, 12382, 8, 20615, 23, 2280, 2, 2, 1213, 32, 12382, 23, 49, 1041, 2], "type_id": [0, 0, 0, 0, 0, 0, 0, 0, 0, 0, 0, 0, 0, 0, 0, 0], "mask": null}
{"uid": "4", "label": 2, "token_id": [0, 31008, 12382, 8, 20615, 23, 2280, 2, 2, 970, 32, 408, 1455, 2], "type_id": [0, 0, 0, 0, 0, 0, 0, 0, 0, 0, 0, 0, 0, 0], "mask": null}
