{"uid": "0", "label": 0, "token_id": [0, 37265, 92, 3556, 2485, 31, 5, 20536, 2833, 1437, 2], "type_id": [0, 0, 0, 0, 0, 0, 0, 0, 0, 0, 0], "mask": null}
{"uid": "1", "label": 0, "token_id": [0, 10800, 5069, 117, 22094, 2156, 129, 6348, 3995, 821, 8299, 1437, 2], "type_id": [0, 0, 0, 0, 0, 0, 0, 0, 0, 0, 0, 0, 0], "mask": null}
{"uid": "2", "label": 1, "token_id": [0, 6025, 6138, 63, 3768, 8, 39906, 402, 1195, 2721, 59, 1050, 2574, 1437, 2], "type_id": [0, 0, 0, 0, 0, 0, 0, 0, 0, 0, 0, 0, 0, 0, 0], "mask": null}
{"uid": "3", "label": 0, "token_id": [0, 5593, 5069, 19223, 10028, 7, 1091, 5, 276, 1328, 1437, 2], "type_id": [0, 0, 0, 0, 0, 0, 0, 0, 0, 0, 0, 0], "mask": null}
{"uid": "4", "label": 0, "token_id": [0, 261, 5, 2373, 13543, 12, 1116, 12, 627, 12, 1396, 11622, 43848, 5739, 5, 17504, 115, 31120, 1899, 62, 1437, 2], "type_id": [0, 0, 0, 0, 0, 0, 0, 0, 0, 0, 0, 0, 0, 0, 0, 0, 0, 0, 0, 0, 0, 0], "mask": null}
