{"uid": "0", "label": 0, "token_id": [0, 4438, 17400, 24601, 119, 1671, 9, 11019, 8, 23409, 479, 2], "type_id": [0, 0, 0, 0, 0, 0, 0, 0, 0, 0, 0, 0], "mask": null}
{"uid": "1", "label": 0, "token_id": [0, 9226, 822, 128, 29, 1291, 7, 3031, 8556, 16, 5, 276, 25, 99, 29224, 13738, 12, 21512, 2342, 12088, 11, 10, 11782, 64, 16, 7, 3031, 1958, 4832, 10, 2129, 480, 114, 18300, 480, 40059, 479, 2], "type_id": [0, 0, 0, 0, 0, 0, 0, 0, 0, 0, 0, 0, 0, 0, 0, 0, 0, 0, 0, 0, 0, 0, 0, 0, 0, 0, 0, 0, 0, 0, 0, 0, 0, 0, 0, 0, 0, 0], "mask": null}
{"uid": "2", "label": 0, "token_id": [0, 1409, 5, 253, 9, 117, 215, 631, 5, 2437, 2156, 101, 1451, 15474, 2156, 34, 10, 1183, 2650, 15955, 13, 5, 13317, 479, 2], "type_id": [0, 0, 0, 0, 0, 0, 0, 0, 0, 0, 0, 0, 0, 0, 0, 0, 0, 0, 0, 0, 0, 0, 0, 0, 0], "mask": null}
{"uid": "3", "label": 0, "token_id": [0, 19709, 16785, 16377, 1250, 439, 66, 1751, 3509, 7, 146, 10, 372, 65, 479, 2], "type_id": [0, 0, 0, 0, 0, 0, 0, 0, 0, 0, 0, 0, 0, 0, 0, 0], "mask": null}
{"uid": "4", "label": 0, "token_id": [0, 462, 15322, 8, 8512, 15453, 33, 9712, 1081, 16426, 2156, 8, 49, 2441, 27839, 817, 5, 793, 527, 2045, 92, 479, 2], "type_id": [0, 0, 0, 0, 0, 0, 0, 0, 0, 0, 0, 0, 0, 0, 0, 0, 0, 0, 0, 0, 0, 0, 0], "mask": null}
