{"uid": "0", "label": 0, "token_id": [0, 25447, 6343, 8, 211, 4330, 56, 450, 5, 7717, 6404, 420, 5, 21950, 36181, 6, 19, 251, 6, 6346, 181, 22902, 9, 909, 4603, 5230, 124, 31, 5, 3819, 4, 2667, 4533, 2726, 8, 49, 3418, 6, 699, 25637, 1634, 115, 28, 1317, 31, 444, 409, 4, 38271, 2075, 409, 77, 51, 376, 11, 6112, 4, 2, 2, 725, 34225, 2075, 409, 77, 3066, 6343, 8, 211, 4330, 376, 11, 6112, 4, 2], "type_id": [0, 0, 0, 0, 0, 0, 0, 0, 0, 0, 0, 0, 0, 0, 0, 0, 0, 0, 0, 0, 0, 0, 0, 0, 0, 0, 0, 0, 0, 0, 0, 0, 0, 0, 0, 0, 0, 0, 0, 0, 0, 0, 0, 0, 0, 0, 0, 0, 0, 0, 0, 0, 0, 0, 0, 0, 0, 0, 0, 0, 0, 0, 0, 0, 0, 0, 0, 0, 0, 0, 0, 0, 0, 0], "mask": null}
{"uid": "1", "label": 0, "token_id": [0, 25447, 6343, 8, 211, 4330, 56, 450, 5, 7717, 6404, 420, 5, 21950, 36181, 6, 19, 251, 6, 6346, 181, 22902, 9, 909, 4603, 5230, 124, 31, 5, 3819, 4, 2667, 4533, 2726, 8, 49, 3418, 6, 699, 25637, 1634, 115, 28, 1317, 31, 444, 409, 4, 38271, 2075, 409, 77, 51, 376, 11, 6112, 4, 2, 2, 725, 34225, 2075, 409, 77, 5, 7717, 376, 11, 6112, 4, 2], "type_id": [0, 0, 0, 0, 0, 0, 0, 0, 0, 0, 0, 0, 0, 0, 0, 0, 0, 0, 0, 0, 0, 0, 0, 0, 0, 0, 0, 0, 0, 0, 0, 0, 0, 0, 0, 0, 0, 0, 0, 0, 0, 0, 0, 0, 0, 0, 0, 0, 0, 0, 0, 0, 0, 0, 0, 0, 0, 0, 0, 0, 0, 0, 0, 0, 0, 0, 0, 0, 0, 0, 0], "mask": null}
{"uid": "2", "label": 0, "token_id": [0, 25447, 6343, 8, 211, 4330, 56, 450, 5, 7717, 6404, 420, 5, 21950, 36181, 6, 19, 251, 6, 6346, 181, 22902, 9, 909, 4603, 5230, 124, 31, 5, 3819, 4, 2667, 4533, 2726, 8, 49, 3418, 6, 699, 25637, 1634, 115, 28, 1317, 31, 444, 409, 4, 38271, 2075, 409, 77, 51, 376, 11, 6112, 4, 2, 2, 725, 34225, 2075, 409, 77, 5, 181, 22902, 376, 11, 6112, 4, 2], "type_id": [0, 0, 0, 0, 0, 0, 0, 0, 0, 0, 0, 0, 0, 0, 0, 0, 0, 0, 0, 0, 0, 0, 0, 0, 0, 0, 0, 0, 0, 0, 0, 0, 0, 0, 0, 0, 0, 0, 0, 0, 0, 0, 0, 0, 0, 0, 0, 0, 0, 0, 0, 0, 0, 0, 0, 0, 0, 0, 0, 0, 0, 0, 0, 0, 0, 0, 0, 0, 0, 0, 0, 0], "mask": null}
{"uid": "3", "label": 0, "token_id": [0, 25447, 6343, 8, 211, 4330, 56, 450, 5, 7717, 6404, 420, 5, 21950, 36181, 6, 19, 251, 6, 6346, 181, 22902, 9, 909, 4603, 5230, 124, 31, 5, 3819, 4, 2667, 4533, 2726, 8, 49, 3418, 6, 699, 25637, 1634, 115, 28, 1317, 31, 444, 409, 4, 38271, 2075, 409, 77, 51, 376, 11, 6112, 4, 2, 2, 725, 34225, 2075, 409, 77, 5, 4533, 2726, 376, 11, 6112, 4, 2], "type_id": [0, 0, 0, 0, 0, 0, 0, 0, 0, 0, 0, 0, 0, 0, 0, 0, 0, 0, 0, 0, 0, 0, 0, 0, 0, 0, 0, 0, 0, 0, 0, 0, 0, 0, 0, 0, 0, 0, 0, 0, 0, 0, 0, 0, 0, 0, 0, 0, 0, 0, 0, 0, 0, 0, 0, 0, 0, 0, 0, 0, 0, 0, 0, 0, 0, 0, 0, 0, 0, 0, 0, 0], "mask": null}
{"uid": "4", "label": 0, "token_id": [0, 25447, 6343, 8, 211, 4330, 56, 450, 5, 7717, 6404, 420, 5, 21950, 36181, 6, 19, 251, 6, 6346, 181, 22902, 9, 909, 4603, 5230, 124, 31, 5, 3819, 4, 2667, 4533, 2726, 8, 49, 3418, 6, 699, 25637, 1634, 115, 28, 1317, 31, 444, 409, 4, 38271, 2075, 409, 77, 51, 376, 11, 6112, 4, 2, 2, 725, 34225, 2075, 409, 77, 5, 25637, 1634, 376, 11, 6112, 4, 2], "type_id": [0, 0, 0, 0, 0, 0, 0, 0, 0, 0, 0, 0, 0, 0, 0, 0, 0, 0, 0, 0, 0, 0, 0, 0, 0, 0, 0, 0, 0, 0, 0, 0, 0, 0, 0, 0, 0, 0, 0, 0, 0, 0, 0, 0, 0, 0, 0, 0, 0, 0, 0, 0, 0, 0, 0, 0, 0, 0, 0, 0, 0, 0, 0, 0, 0, 0, 0, 0, 0, 0, 0, 0], "mask": null}
