{"uid": "0", "label": 0, "token_id": [101, 7632, 2121, 22083, 2003, 1037, 2171, 4276, 2559, 2041, 2005, 1012, 102, 7632, 2121, 22083, 1010, 2019, 2015, 10819, 2080, 1010, 2019, 2015, 4241, 23314, 1010, 1998, 10424, 14031, 2721, 2024, 2074, 1037, 2261, 3415, 4276, 4363, 1037, 2298, 1011, 2041, 2005, 1012, 102], "type_id": [0, 0, 0, 0, 0, 0, 0, 0, 0, 0, 0, 0, 0, 1, 1, 1, 1, 1, 1, 1, 1, 1, 1, 1, 1, 1, 1, 1, 1, 1, 1, 1, 1, 1, 1, 1, 1, 1, 1, 1, 1, 1, 1, 1, 1]}
{"uid": "1", "label": 0, "token_id": [101, 2116, 2111, 2052, 2022, 2200, 12511, 2000, 6065, 2491, 2058, 2037, 2219, 2769, 1012, 102, 1996, 6698, 1997, 1996, 14260, 3896, 2052, 12530, 1999, 2112, 2006, 1996, 3252, 1997, 1996, 3265, 4070, 2565, 1998, 2151, 6537, 2006, 3229, 2075, 1996, 5029, 1012, 102], "type_id": [0, 0, 0, 0, 0, 0, 0, 0, 0, 0, 0, 0, 0, 0, 0, 0, 1, 1, 1, 1, 1, 1, 1, 1, 1, 1, 1, 1, 1, 1, 1, 1, 1, 1, 1, 1, 1, 1, 1, 1, 1, 1, 1, 1]}
{"uid": "2", "label": 0, "token_id": [101, 2009, 2003, 1999, 3071, 1005, 1055, 2190, 3037, 2000, 2031, 3229, 2000, 2592, 1999, 1037, 23259, 5450, 1012, 102, 23259, 3229, 2000, 2592, 2003, 1999, 1996, 2190, 5426, 1997, 2119, 17377, 1998, 1996, 6736, 1012, 102], "type_id": [0, 0, 0, 0, 0, 0, 0, 0, 0, 0, 0, 0, 0, 0, 0, 0, 0, 0, 0, 0, 1, 1, 1, 1, 1, 1, 1, 1, 1, 1, 1, 1, 1, 1, 1, 1, 1]}
{"uid": "3", "label": 0, "token_id": [101, 1996, 2413, 2231, 2979, 3424, 1011, 3644, 4277, 6461, 2012, 5094, 1996, 6394, 1012, 102, 2241, 1999, 1996, 8740, 6299, 16989, 2102, 12403, 2237, 1997, 29177, 1010, 1996, 2413, 2231, 2411, 4928, 2062, 27838, 23067, 2271, 2084, 2049, 5972, 1999, 16081, 2075, 2942, 18271, 1998, 5059, 2039, 3424, 1011, 3644, 6094, 1012, 102], "type_id": [0, 0, 0, 0, 0, 0, 0, 0, 0, 0, 0, 0, 0, 0, 0, 0, 1, 1, 1, 1, 1, 1, 1, 1, 1, 1, 1, 1, 1, 1, 1, 1, 1, 1, 1, 1, 1, 1, 1, 1, 1, 1, 1, 1, 1, 1, 1, 1, 1, 1, 1, 1, 1, 1]}
{"uid": "4", "label": 0, "token_id": [101, 2009, 2001, 3833, 1999, 6940, 1998, 2038, 1996, 4587, 14582, 1999, 5772, 1012, 102, 2328, 1999, 6940, 1010, 2049, 14582, 1997, 9702, 3221, 1998, 3459, 3707, 2003, 1996, 4587, 1999, 5772, 1025, 2049, 14727, 4592, 11446, 2003, 2036, 5171, 1997, 1996, 3690, 1012, 102], "type_id": [0, 0, 0, 0, 0, 0, 0, 0, 0, 0, 0, 0, 0, 0, 0, 1, 1, 1, 1, 1, 1, 1, 1, 1, 1, 1, 1, 1, 1, 1, 1, 1, 1, 1, 1, 1, 1, 1, 1, 1, 1, 1, 1, 1, 1]}
