{"uid": "0", "label": 0, "token_id": [101, 5342, 2047, 3595, 8496, 2013, 1996, 18643, 3197, 102], "type_id": [0, 0, 0, 0, 0, 0, 0, 0, 0, 0]}
{"uid": "1", "label": 0, "token_id": [101, 3397, 2053, 15966, 1010, 2069, 4450, 2098, 18201, 2015, 102], "type_id": [0, 0, 0, 0, 0, 0, 0, 0, 0, 0, 0]}
{"uid": "2", "label": 1, "token_id": [101, 2008, 7459, 2049, 3494, 1998, 10639, 2015, 2242, 2738, 3376, 2055, 2529, 3267, 102], "type_id": [0, 0, 0, 0, 0, 0, 0, 0, 0, 0, 0, 0, 0, 0, 0]}
{"uid": "3", "label": 0, "token_id": [101, 3464, 12580, 8510, 2000, 3961, 1996, 2168, 2802, 102], "type_id": [0, 0, 0, 0, 0, 0, 0, 0, 0, 0]}
{"uid": "4", "label": 0, "token_id": [101, 2006, 1996, 5409, 7195, 1011, 1997, 1011, 1996, 1011, 11265, 17811, 18856, 17322, 2015, 1996, 16587, 2071, 2852, 24225, 2039, 102], "type_id": [0, 0, 0, 0, 0, 0, 0, 0, 0, 0, 0, 0, 0, 0, 0, 0, 0, 0, 0, 0, 0, 0]}
