{"uid": "0", "label": 0, "token_id": [101, 15491, 28616, 22444, 4095, 1997, 6782, 1998, 11541, 1012, 102], "type_id": [0, 0, 0, 0, 0, 0, 0, 0, 0, 0, 0]}
{"uid": "1", "label": 0, "token_id": [101, 2023, 2143, 1005, 1055, 3276, 2000, 5025, 6980, 2003, 1996, 2168, 2004, 2054, 4234, 1011, 3392, 19311, 2075, 1999, 1037, 12509, 2064, 2003, 2000, 5025, 4586, 1024, 1037, 3532, 1011, 1011, 2065, 25634, 1011, 1011, 20017, 1012, 102], "type_id": [0, 0, 0, 0, 0, 0, 0, 0, 0, 0, 0, 0, 0, 0, 0, 0, 0, 0, 0, 0, 0, 0, 0, 0, 0, 0, 0, 0, 0, 0, 0, 0, 0, 0, 0, 0, 0, 0, 0]}
{"uid": "2", "label": 0, "token_id": [101, 2011, 1996, 2203, 1997, 2053, 2107, 2518, 1996, 4378, 1010, 2066, 14807, 1010, 2038, 1037, 3422, 3993, 12242, 2005, 1996, 6071, 1012, 102], "type_id": [0, 0, 0, 0, 0, 0, 0, 0, 0, 0, 0, 0, 0, 0, 0, 0, 0, 0, 0, 0, 0, 0, 0, 0]}
{"uid": "3", "label": 0, "token_id": [101, 2472, 6487, 5832, 2253, 2041, 22079, 2075, 2000, 2191, 1037, 2307, 2028, 1012, 102], "type_id": [0, 0, 0, 0, 0, 0, 0, 0, 0, 0, 0, 0, 0, 0, 0]}
{"uid": "4", "label": 0, "token_id": [101, 2474, 21604, 1998, 10667, 5620, 2031, 6196, 3167, 11084, 1010, 1998, 2037, 3898, 9680, 6442, 3084, 1996, 2214, 2466, 4025, 2047, 1012, 102], "type_id": [0, 0, 0, 0, 0, 0, 0, 0, 0, 0, 0, 0, 0, 0, 0, 0, 0, 0, 0, 0, 0, 0, 0, 0]}
