{"uid": "0", "label": 0, "token_id": [101, 1996, 2606, 2038, 2000, 2022, 12176, 1012, 102, 1996, 12475, 2003, 18856, 8649, 5999, 2007, 2606, 1012, 2009, 2038, 2000, 2022, 12176, 1012, 102], "type_id": [0, 0, 0, 0, 0, 0, 0, 0, 0, 1, 1, 1, 1, 1, 1, 1, 1, 1, 1, 1, 1, 1, 1, 1, 1]}
{"uid": "1", "label": 1, "token_id": [101, 6294, 2106, 2025, 3437, 1012, 102, 4869, 6573, 2006, 6294, 1005, 1055, 2341, 2021, 2016, 2106, 2025, 3437, 1012, 102], "type_id": [0, 0, 0, 0, 0, 0, 0, 1, 1, 1, 1, 1, 1, 1, 1, 1, 1, 1, 1, 1, 1]}
{"uid": "2", "label": 0, "token_id": [101, 8836, 3030, 1998, 8897, 2000, 2702, 1012, 102, 7014, 2134, 1005, 1056, 2131, 4854, 2007, 8836, 1010, 2040, 2018, 3013, 2014, 2125, 1010, 2138, 2016, 3030, 1998, 8897, 2000, 2702, 1012, 102], "type_id": [0, 0, 0, 0, 0, 0, 0, 0, 0, 1, 1, 1, 1, 1, 1, 1, 1, 1, 1, 1, 1, 1, 1, 1, 1, 1, 1, 1, 1, 1, 1, 1, 1]}
{"uid": "3", "label": 1, "token_id": [101, 2008, 1005, 1055, 3599, 2129, 9130, 3084, 2149, 2514, 1012, 102, 2053, 2028, 9794, 9130, 2000, 2022, 6517, 1998, 9479, 1012, 2021, 1037, 2047, 2817, 2013, 1996, 2118, 1997, 5273, 15034, 2577, 5367, 9251, 2008, 2008, 1005, 1055, 3599, 2129, 2009, 3084, 2149, 2514, 1012, 102], "type_id": [0, 0, 0, 0, 0, 0, 0, 0, 0, 0, 0, 0, 1, 1, 1, 1, 1, 1, 1, 1, 1, 1, 1, 1, 1, 1, 1, 1, 1, 1, 1, 1, 1, 1, 1, 1, 1, 1, 1, 1, 1, 1, 1, 1, 1, 1, 1]}
{"uid": "4", "label": 1, "token_id": [101, 1996, 2365, 2001, 2061, 3082, 1012, 102, 1996, 2158, 2481, 1005, 1056, 6336, 2010, 2365, 2138, 2002, 2001, 2061, 3082, 1012, 102], "type_id": [0, 0, 0, 0, 0, 0, 0, 0, 1, 1, 1, 1, 1, 1, 1, 1, 1, 1, 1, 1, 1, 1, 1]}
