{"uid": "0", "label": 0, "token_id": [101, 2339, 2024, 6696, 2015, 2061, 3376, 1029, 102, 2339, 2024, 3060, 1011, 4841, 2061, 3376, 1029, 102], "type_id": [0, 0, 0, 0, 0, 0, 0, 0, 0, 1, 1, 1, 1, 1, 1, 1, 1, 1]}
{"uid": "1", "label": 0, "token_id": [101, 1045, 5047, 2591, 2865, 2005, 1037, 2512, 1011, 5618, 1012, 2323, 1045, 2707, 2183, 2000, 2591, 2865, 14048, 2824, 1029, 2024, 2045, 2151, 2204, 3924, 1999, 1996, 3016, 2181, 1029, 102, 1045, 2215, 2000, 7323, 8065, 1999, 3274, 2671, 2055, 2591, 2897, 1010, 2054, 2003, 1996, 2330, 3291, 1999, 2591, 6125, 1029, 102], "type_id": [0, 0, 0, 0, 0, 0, 0, 0, 0, 0, 0, 0, 0, 0, 0, 0, 0, 0, 0, 0, 0, 0, 0, 0, 0, 0, 0, 0, 0, 0, 0, 0, 1, 1, 1, 1, 1, 1, 1, 1, 1, 1, 1, 1, 1, 1, 1, 1, 1, 1, 1, 1, 1, 1]}
{"uid": "2", "label": 1, "token_id": [101, 2054, 2024, 2070, 4436, 2000, 3604, 2894, 1029, 102, 2003, 2045, 1037, 3114, 2339, 2057, 2323, 3604, 2894, 1029, 102], "type_id": [0, 0, 0, 0, 0, 0, 0, 0, 0, 0, 1, 1, 1, 1, 1, 1, 1, 1, 1, 1, 1]}
{"uid": "3", "label": 0, "token_id": [101, 2129, 2064, 1037, 2309, 3287, 2031, 1037, 2775, 1029, 102, 2339, 2024, 2111, 2061, 15896, 2007, 2383, 1037, 6513, 1013, 6898, 1029, 102], "type_id": [0, 0, 0, 0, 0, 0, 0, 0, 0, 0, 0, 1, 1, 1, 1, 1, 1, 1, 1, 1, 1, 1, 1, 1]}
{"uid": "4", "label": 0, "token_id": [101, 2054, 2024, 2070, 2204, 3336, 2611, 3415, 3225, 2007, 1040, 2030, 1044, 1029, 102, 2054, 2024, 2070, 2204, 3336, 2611, 3415, 3225, 2007, 1040, 1029, 102], "type_id": [0, 0, 0, 0, 0, 0, 0, 0, 0, 0, 0, 0, 0, 0, 0, 1, 1, 1, 1, 1, 1, 1, 1, 1, 1, 1, 1]}
