{"uid": "0", "label": 0, "token_id": [101, 5672, 2178, 1999, 1037, 13922, 6433, 2000, 13353, 2076, 1037, 20885, 4668, 1012, 102, 2019, 4955, 2000, 13353, 1998, 3787, 1010, 10099, 1010, 9593, 3252, 1998, 19882, 1010, 1996, 13922, 1998, 5072, 9597, 1012, 102], "type_id": [0, 0, 0, 0, 0, 0, 0, 0, 0, 0, 0, 0, 0, 0, 0, 1, 1, 1, 1, 1, 1, 1, 1, 1, 1, 1, 1, 1, 1, 1, 1, 1, 1, 1, 1, 1]}
{"uid": "1", "label": 1, "token_id": [101, 19934, 2003, 1996, 3292, 2090, 2048, 7978, 2685, 1997, 5516, 5975, 2170, 1012, 102, 19934, 1996, 3292, 2090, 2048, 5486, 2685, 2006, 1037, 8254, 26658, 16975, 4400, 2008, 2024, 1999, 4403, 1025, 102], "type_id": [0, 0, 0, 0, 0, 0, 0, 0, 0, 0, 0, 0, 0, 0, 0, 1, 1, 1, 1, 1, 1, 1, 1, 1, 1, 1, 1, 1, 1, 1, 1, 1, 1, 1]}
{"uid": "2", "label": 1, "token_id": [101, 4286, 4050, 2031, 2603, 7689, 7689, 1997, 26874, 1012, 102, 4286, 5373, 2031, 2603, 7689, 1997, 26874, 1012, 102], "type_id": [0, 0, 0, 0, 0, 0, 0, 0, 0, 0, 0, 1, 1, 1, 1, 1, 1, 1, 1, 1]}
{"uid": "3", "label": 0, "token_id": [101, 1043, 2135, 25778, 20960, 2003, 1037, 2186, 1997, 9597, 2008, 2003, 2691, 2000, 10768, 10867, 19304, 1998, 12562, 24501, 16781, 1012, 102, 7760, 6038, 25078, 1010, 10768, 10867, 19304, 1010, 1043, 2135, 25778, 20960, 1010, 18440, 13592, 1998, 9617, 10624, 13592, 24501, 16781, 1010, 24471, 5243, 5402, 1998, 1043, 7630, 8663, 8780, 23737, 1012, 102], "type_id": [0, 0, 0, 0, 0, 0, 0, 0, 0, 0, 0, 0, 0, 0, 0, 0, 0, 0, 0, 0, 0, 0, 0, 1, 1, 1, 1, 1, 1, 1, 1, 1, 1, 1, 1, 1, 1, 1, 1, 1, 1, 1, 1, 1, 1, 1, 1, 1, 1, 1, 1, 1, 1, 1, 1, 1]}
{"uid": "4", "label": 0, "token_id": [101, 2065, 1037, 9415, 2515, 2025, 2713, 10737, 2046, 1996, 2250, 2013, 2049, 3302, 1010, 2009, 2097, 2025, 2031, 1037, 5437, 1012, 102, 1996, 26136, 11461, 5437, 1997, 1996, 3756, 1010, 2000, 16020, 2063, 6910, 9415, 1999, 1996, 4524, 17469, 1996, 2250, 1012, 102], "type_id": [0, 0, 0, 0, 0, 0, 0, 0, 0, 0, 0, 0, 0, 0, 0, 0, 0, 0, 0, 0, 0, 0, 0, 1, 1, 1, 1, 1, 1, 1, 1, 1, 1, 1, 1, 1, 1, 1, 1, 1, 1, 1, 1, 1]}
