{"uid": "0", "label": 0, "token_id": [101, 2065, 1037, 9415, 2038, 1037, 6887, 3643, 3618, 2084, 1021, 1010, 2008, 7127, 2008, 2009, 2003, 2918, 1012, 102, 2241, 2006, 1996, 2862, 3024, 1997, 1996, 3594, 1997, 13978, 1015, 1011, 1021, 1010, 10197, 1996, 6887, 1997, 2169, 4242, 1998, 2501, 1996, 2193, 1999, 1996, 2951, 2795, 1999, 1996, 4358, 6887, 5930, 1012, 102], "type_id": [0, 0, 0, 0, 0, 0, 0, 0, 0, 0, 0, 0, 0, 0, 0, 0, 0, 0, 0, 0, 1, 1, 1, 1, 1, 1, 1, 1, 1, 1, 1, 1, 1, 1, 1, 1, 1, 1, 1, 1, 1, 1, 1, 1, 1, 1, 1, 1, 1, 1, 1, 1, 1, 1, 1]}
{"uid": "1", "label": 0, "token_id": [101, 25700, 1006, 1998, 3020, 4176, 1007, 2064, 2036, 2022, 2872, 1999, 2028, 1997, 2048, 2967, 2241, 2006, 2129, 2027, 4503, 2004, 28086, 2015, 1012, 102, 2065, 2028, 2030, 2048, 2918, 7689, 2024, 2904, 1006, 14163, 16238, 1007, 1010, 1996, 28086, 2097, 8246, 2000, 4503, 7919, 1012, 102], "type_id": [0, 0, 0, 0, 0, 0, 0, 0, 0, 0, 0, 0, 0, 0, 0, 0, 0, 0, 0, 0, 0, 0, 0, 0, 0, 0, 1, 1, 1, 1, 1, 1, 1, 1, 1, 1, 1, 1, 1, 1, 1, 1, 1, 1, 1, 1, 1, 1]}
{"uid": "2", "label": 0, "token_id": [101, 15865, 1998, 26820, 2468, 26778, 2012, 2659, 7715, 1012, 102, 2012, 2152, 7715, 1010, 1996, 5024, 18554, 19884, 2046, 1037, 3806, 2302, 2412, 3352, 1037, 6381, 1012, 102], "type_id": [0, 0, 0, 0, 0, 0, 0, 0, 0, 0, 0, 1, 1, 1, 1, 1, 1, 1, 1, 1, 1, 1, 1, 1, 1, 1, 1, 1, 1]}
{"uid": "3", "label": 0, "token_id": [101, 1996, 5248, 1997, 7812, 15865, 2003, 4541, 2011, 20504, 8382, 3399, 1012, 102, 3127, 2340, 3806, 1998, 20504, 3399, 1012, 102], "type_id": [0, 0, 0, 0, 0, 0, 0, 0, 0, 0, 0, 0, 0, 0, 1, 1, 1, 1, 1, 1, 1, 1]}
{"uid": "4", "label": 0, "token_id": [101, 11721, 10322, 3217, 2003, 1037, 2601, 9742, 2600, 2008, 2064, 2022, 2179, 1999, 1996, 18955, 19116, 1012, 102, 2119, 1996, 6803, 19116, 1998, 1996, 18955, 19116, 2024, 2625, 9742, 2084, 1996, 16019, 1012, 102], "type_id": [0, 0, 0, 0, 0, 0, 0, 0, 0, 0, 0, 0, 0, 0, 0, 0, 0, 0, 0, 1, 1, 1, 1, 1, 1, 1, 1, 1, 1, 1, 1, 1, 1, 1, 1]}
