{"uid": "0", "label": 1, "token_id": [101, 1996, 5208, 2024, 17662, 9119, 2096, 3173, 2000, 2175, 14555, 2044, 2074, 5983, 6265, 1012, 102, 2048, 2308, 2024, 23581, 2096, 3173, 2000, 2175, 14555, 1012, 102], "type_id": [0, 0, 0, 0, 0, 0, 0, 0, 0, 0, 0, 0, 0, 0, 0, 0, 0, 1, 1, 1, 1, 1, 1, 1, 1, 1, 1, 1]}
{"uid": "1", "label": 2, "token_id": [101, 2048, 2450, 2024, 3173, 14555, 1012, 102, 2048, 2308, 2024, 23581, 2096, 3173, 2000, 2175, 14555, 1012, 102], "type_id": [0, 0, 0, 0, 0, 0, 0, 0, 1, 1, 1, 1, 1, 1, 1, 1, 1, 1, 1]}
{"uid": "2", "label": 0, "token_id": [101, 1996, 2273, 2024, 3554, 2648, 1037, 3972, 2072, 1012, 102, 2048, 2308, 2024, 23581, 2096, 3173, 2000, 2175, 14555, 1012, 102], "type_id": [0, 0, 0, 0, 0, 0, 0, 0, 0, 0, 0, 1, 1, 1, 1, 1, 1, 1, 1, 1, 1, 1]}
{"uid": "3", "label": 2, "token_id": [101, 2048, 4268, 1999, 8597, 28772, 9378, 2037, 2398, 1012, 102, 2048, 2402, 2336, 1999, 2630, 28772, 1010, 2028, 2007, 1996, 2193, 1023, 1998, 2028, 2007, 1996, 2193, 1016, 2024, 3061, 2006, 4799, 4084, 1999, 1037, 5723, 1998, 12699, 2037, 2398, 1999, 1037, 7752, 1012, 102], "type_id": [0, 0, 0, 0, 0, 0, 0, 0, 0, 0, 0, 1, 1, 1, 1, 1, 1, 1, 1, 1, 1, 1, 1, 1, 1, 1, 1, 1, 1, 1, 1, 1, 1, 1, 1, 1, 1, 1, 1, 1, 1, 1, 1, 1, 1, 1]}
{"uid": "4", "label": 1, "token_id": [101, 2048, 4268, 2012, 1037, 3608, 16650, 9378, 2037, 2398, 1012, 102, 2048, 2402, 2336, 1999, 2630, 28772, 1010, 2028, 2007, 1996, 2193, 1023, 1998, 2028, 2007, 1996, 2193, 1016, 2024, 3061, 2006, 4799, 4084, 1999, 1037, 5723, 1998, 12699, 2037, 2398, 1999, 1037, 7752, 1012, 102], "type_id": [0, 0, 0, 0, 0, 0, 0, 0, 0, 0, 0, 0, 1, 1, 1, 1, 1, 1, 1, 1, 1, 1, 1, 1, 1, 1, 1, 1, 1, 1, 1, 1, 1, 1, 1, 1, 1, 1, 1, 1, 1, 1, 1, 1, 1, 1, 1]}
