{"uid": "0", "label": 0.0, "token_id": [101, 1037, 2611, 2003, 12766, 2014, 2606, 1012, 102, 1037, 2611, 2003, 20724, 2014, 2606, 1012, 102], "type_id": [0, 0, 0, 0, 0, 0, 0, 0, 0, 1, 1, 1, 1, 1, 1, 1, 1]}
{"uid": "1", "label": 0.0, "token_id": [101, 1037, 2177, 1997, 3337, 2024, 2652, 4715, 2006, 1996, 3509, 1012, 102, 1037, 2177, 1997, 2273, 2377, 4715, 2006, 1996, 3509, 1012, 102], "type_id": [0, 0, 0, 0, 0, 0, 0, 0, 0, 0, 0, 0, 0, 1, 1, 1, 1, 1, 1, 1, 1, 1, 1, 1]}
{"uid": "2", "label": 0.0, "token_id": [101, 1037, 2450, 5761, 2178, 2450, 1005, 1055, 10792, 1012, 102, 2028, 2450, 2003, 9854, 2178, 2450, 1005, 1055, 10792, 1012, 102], "type_id": [0, 0, 0, 0, 0, 0, 0, 0, 0, 0, 0, 1, 1, 1, 1, 1, 1, 1, 1, 1, 1, 1]}
{"uid": "3", "label": 0.0, "token_id": [101, 1037, 2158, 2003, 26514, 1037, 12731, 24894, 5677, 1012, 102, 1037, 2158, 2003, 6276, 2039, 1037, 12731, 24894, 5677, 1012, 102], "type_id": [0, 0, 0, 0, 0, 0, 0, 0, 0, 0, 0, 1, 1, 1, 1, 1, 1, 1, 1, 1, 1, 1]}
{"uid": "4", "label": 0.0, "token_id": [101, 1037, 2158, 2003, 2652, 1037, 9019, 1012, 102, 1037, 2158, 2003, 2652, 1037, 14601, 1012, 102], "type_id": [0, 0, 0, 0, 0, 0, 0, 0, 0, 1, 1, 1, 1, 1, 1, 1, 1]}
