{"uid": "0", "label": 0, "token_id": [0, 2264, 33, 47, 1276, 6, 99, 32, 47, 164, 7, 109, 116, 2, 2, 2847, 99, 18, 110, 568, 116, 2], "type_id": [0, 0, 0, 0, 0, 0, 0, 0, 0, 0, 0, 0, 0, 0, 0, 0, 0, 0, 0, 0, 0, 0], "mask": null}
{"uid": "1", "label": 0, "token_id": [0, 19814, 18, 5296, 16, 17407, 30, 372, 5845, 11, 11019, 8, 765, 931, 1237, 4, 2, 2, 17762, 18, 5296, 3700, 34, 5, 144, 15240, 5580, 5845, 7328, 5, 35063, 1825, 9, 390, 18, 2734, 4, 2], "type_id": [0, 0, 0, 0, 0, 0, 0, 0, 0, 0, 0, 0, 0, 0, 0, 0, 0, 0, 0, 0, 0, 0, 0, 0, 0, 0, 0, 0, 0, 0, 0, 0, 0, 0, 0, 0, 0, 0], "mask": null}
{"uid": "2", "label": 0, "token_id": [0, 32339, 31, 80, 2524, 30044, 11, 5, 704, 11657, 6, 16666, 22319, 8, 4145, 7012, 6918, 22955, 6, 1137, 201, 144, 9, 99, 52, 216, 59, 141, 5, 16195, 7361, 1102, 4, 2, 2, 133, 266, 15, 5, 16195, 7361, 21, 81, 292, 6317, 6052, 251, 4, 2], "type_id": [0, 0, 0, 0, 0, 0, 0, 0, 0, 0, 0, 0, 0, 0, 0, 0, 0, 0, 0, 0, 0, 0, 0, 0, 0, 0, 0, 0, 0, 0, 0, 0, 0, 0, 0, 0, 0, 0, 0, 0, 0, 0, 0, 0, 0, 0, 0, 0, 0], "mask": null}
{"uid": "3", "label": 0, "token_id": [0, 3750, 59, 361, 35, 844, 6, 573, 3775, 23, 21419, 4351, 278, 62, 10, 16195, 7361, 8327, 16459, 19, 484, 2244, 6, 217, 5, 4545, 641, 4, 2, 2, 133, 8327, 16459, 9200, 13, 508, 1359, 722, 4, 2], "type_id": [0, 0, 0, 0, 0, 0, 0, 0, 0, 0, 0, 0, 0, 0, 0, 0, 0, 0, 0, 0, 0, 0, 0, 0, 0, 0, 0, 0, 0, 0, 0, 0, 0, 0, 0, 0, 0, 0, 0, 0], "mask": null}
{"uid": "4", "label": 0, "token_id": [0, 407, 52, 348, 300, 10, 891, 9, 3054, 62, 89, 14, 33, 167, 9223, 23, 42, 1455, 86, 116, 2, 2, 3750, 5, 1455, 86, 6, 89, 3559, 75, 143, 3054, 11, 5, 935, 6, 235, 116, 2], "type_id": [0, 0, 0, 0, 0, 0, 0, 0, 0, 0, 0, 0, 0, 0, 0, 0, 0, 0, 0, 0, 0, 0, 0, 0, 0, 0, 0, 0, 0, 0, 0, 0, 0, 0, 0, 0, 0, 0, 0], "mask": null}
