{"uid": "0", "label": 1, "token_id": [0, 894, 26, 5, 689, 11131, 11637, 265, 630, 128, 90, 2564, 5, 138, 128, 29, 251, 12, 1279, 434, 1860, 479, 2, 2, 113, 20, 689, 11131, 11637, 265, 473, 45, 2564, 84, 251, 12, 1279, 434, 1860, 479, 2], "type_id": [0, 0, 0, 0, 0, 0, 0, 0, 0, 0, 0, 0, 0, 0, 0, 0, 0, 0, 0, 0, 0, 0, 0, 0, 0, 0, 0, 0, 0, 0, 0, 0, 0, 0, 0, 0, 0, 0, 0, 0, 0], "mask": null}
{"uid": "1", "label": 0, "token_id": [0, 43600, 1322, 10054, 26, 14822, 636, 1242, 19975, 5, 7780, 4304, 8, 1415, 556, 7, 634, 39, 251, 107, 9, 1058, 11, 5, 997, 479, 2, 2, 9962, 1141, 26, 37, 21, 22, 727, 135, 639, 1655, 3516, 22, 8, 1415, 556, 7, 634, 39, 107, 9, 1058, 11, 5, 997, 479, 2], "type_id": [0, 0, 0, 0, 0, 0, 0, 0, 0, 0, 0, 0, 0, 0, 0, 0, 0, 0, 0, 0, 0, 0, 0, 0, 0, 0, 0, 0, 0, 0, 0, 0, 0, 0, 0, 0, 0, 0, 0, 0, 0, 0, 0, 0, 0, 0, 0, 0, 0, 0, 0, 0, 0, 0], "mask": null}
{"uid": "2", "label": 0, "token_id": [0, 133, 1404, 21, 23, 15966, 4, 6617, 4796, 136, 5, 4796, 2156, 3269, 15, 5, 1852, 2156, 8, 23, 112, 4, 2517, 6468, 136, 5, 5092, 13638, 2156, 67, 3269, 479, 2, 2, 133, 1404, 21, 23, 15966, 4, 5479, 4796, 14621, 975, 5457, 2156, 8077, 3269, 15, 5, 1852, 2156, 8, 23, 112, 4, 2517, 5339, 136, 5, 5092, 13638, 3858, 597, 5457, 2156, 159, 321, 4, 134, 135, 479, 2], "type_id": [0, 0, 0, 0, 0, 0, 0, 0, 0, 0, 0, 0, 0, 0, 0, 0, 0, 0, 0, 0, 0, 0, 0, 0, 0, 0, 0, 0, 0, 0, 0, 0, 0, 0, 0, 0, 0, 0, 0, 0, 0, 0, 0, 0, 0, 0, 0, 0, 0, 0, 0, 0, 0, 0, 0, 0, 0, 0, 0, 0, 0, 0, 0, 0, 0, 0, 0, 0, 0, 0, 0, 0, 0], "mask": null}
{"uid": "3", "label": 1, "token_id": [0, 133, 16305, 12, 347, 6454, 16, 2445, 454, 779, 7, 2845, 114, 24, 40, 18839, 10, 1984, 479, 2, 2, 133, 16305, 12, 347, 6454, 585, 307, 14, 24, 40, 2845, 11, 779, 549, 7, 18839, 10, 1984, 137, 5, 19050, 479, 2], "type_id": [0, 0, 0, 0, 0, 0, 0, 0, 0, 0, 0, 0, 0, 0, 0, 0, 0, 0, 0, 0, 0, 0, 0, 0, 0, 0, 0, 0, 0, 0, 0, 0, 0, 0, 0, 0, 0, 0, 0, 0, 0, 0, 0, 0], "mask": null}
{"uid": "4", "label": 0, "token_id": [0, 3084, 5461, 33, 57, 278, 13, 5, 2366, 50, 5, 1837, 1500, 479, 2, 2, 3084, 5461, 33, 57, 278, 13, 5, 1837, 50, 2366, 1200, 2156, 53, 18966, 607, 34, 4407, 45, 2181, 479, 2], "type_id": [0, 0, 0, 0, 0, 0, 0, 0, 0, 0, 0, 0, 0, 0, 0, 0, 0, 0, 0, 0, 0, 0, 0, 0, 0, 0, 0, 0, 0, 0, 0, 0, 0, 0, 0, 0, 0], "mask": null}
