{"uid": "0", "label": 0, "token_id": [0, 1779, 222, 5, 371, 16621, 26298, 651, 1642, 116, 2, 2, 38243, 5, 80, 2516, 137, 24, 8, 144, 9, 5, 2516, 14, 1432, 6, 16621, 26298, 7736, 268, 1239, 10, 20292, 8, 55, 10556, 1548, 7, 63, 527, 4246, 16621, 26298, 54, 109, 45, 43792, 877, 71, 49, 3257, 8, 55, 2632, 2048, 709, 11, 5, 1461, 2898, 4, 2], "type_id": [0, 0, 0, 0, 0, 0, 0, 0, 0, 0, 0, 0, 0, 0, 0, 0, 0, 0, 0, 0, 0, 0, 0, 0, 0, 0, 0, 0, 0, 0, 0, 0, 0, 0, 0, 0, 0, 0, 0, 0, 0, 0, 0, 0, 0, 0, 0, 0, 0, 0, 0, 0, 0, 0, 0, 0, 0, 0, 0, 0, 0, 0], "mask": null}
{"uid": "1", "label": 0, "token_id": [0, 32251, 4379, 10535, 747, 33, 1736, 38697, 484, 9395, 31, 65, 277, 116, 2, 2, 1779, 12408, 510, 29581, 16, 7187, 30, 13923, 6, 10535, 189, 33, 484, 4039, 893, 20159, 12712, 11, 650, 9042, 131, 1403, 12, 4892, 30514, 935, 2994, 5013, 189, 11386, 11, 15029, 4, 2], "type_id": [0, 0, 0, 0, 0, 0, 0, 0, 0, 0, 0, 0, 0, 0, 0, 0, 0, 0, 0, 0, 0, 0, 0, 0, 0, 0, 0, 0, 0, 0, 0, 0, 0, 0, 0, 0, 0, 0, 0, 0, 0, 0, 0, 0, 0, 0, 0, 0, 0, 0], "mask": null}
{"uid": "2", "label": 1, "token_id": [0, 2264, 80, 383, 473, 6002, 5961, 5848, 255, 2726, 3144, 18, 6680, 6890, 11, 41, 10437, 9, 3157, 116, 2, 2, 894, 7531, 42, 13794, 15, 5, 754, 14, 7721, 215, 25, 5, 65, 1602, 1065, 9115, 7, 80, 383, 35, 29947, 8, 5, 4905, 7, 61, 51, 9115, 4, 2], "type_id": [0, 0, 0, 0, 0, 0, 0, 0, 0, 0, 0, 0, 0, 0, 0, 0, 0, 0, 0, 0, 0, 0, 0, 0, 0, 0, 0, 0, 0, 0, 0, 0, 0, 0, 0, 0, 0, 0, 0, 0, 0, 0, 0, 0, 0, 0, 0, 0, 0, 0, 0, 0], "mask": null}
{"uid": "3", "label": 1, "token_id": [0, 2264, 16, 5, 766, 9, 5, 3375, 361, 1788, 1926, 9, 2912, 2001, 415, 147, 5, 37625, 1572, 4487, 5, 8241, 116, 2, 2, 4148, 1105, 719, 504, 4540, 6, 5, 37625, 1572, 23, 2912, 2001, 415, 1410, 136, 5, 1083, 1370, 23, 3576, 90, 877, 102, 50, 230, 594, 877, 6, 10, 650, 3375, 1117, 1788, 1926, 9, 2912, 2001, 415, 6, 8, 4009, 106, 15, 231, 644, 504, 4283, 4, 2], "type_id": [0, 0, 0, 0, 0, 0, 0, 0, 0, 0, 0, 0, 0, 0, 0, 0, 0, 0, 0, 0, 0, 0, 0, 0, 0, 0, 0, 0, 0, 0, 0, 0, 0, 0, 0, 0, 0, 0, 0, 0, 0, 0, 0, 0, 0, 0, 0, 0, 0, 0, 0, 0, 0, 0, 0, 0, 0, 0, 0, 0, 0, 0, 0, 0, 0, 0, 0, 0, 0, 0, 0, 0, 0, 0], "mask": null}
{"uid": "4", "label": 0, "token_id": [0, 2264, 3395, 15653, 16, 2034, 11, 928, 116, 2, 2, 23122, 6308, 237, 623, 8784, 34840, 35, 5, 7186, 9, 928, 131, 229, 2753, 12222, 131, 5, 1082, 14096, 5, 5928, 9, 11215, 6, 11215, 20481, 6, 8, 312, 10488, 18, 2197, 131, 8, 5, 3575, 4221, 9, 28164, 36, 179, 61, 5, 2930, 16515, 6, 28164, 4863, 5, 1489, 31408, 6, 321, 12938, 251, 11964, 6, 8, 5050, 322, 2], "type_id": [0, 0, 0, 0, 0, 0, 0, 0, 0, 0, 0, 0, 0, 0, 0, 0, 0, 0, 0, 0, 0, 0, 0, 0, 0, 0, 0, 0, 0, 0, 0, 0, 0, 0, 0, 0, 0, 0, 0, 0, 0, 0, 0, 0, 0, 0, 0, 0, 0, 0, 0, 0, 0, 0, 0, 0, 0, 0, 0, 0, 0, 0, 0, 0, 0, 0, 0, 0, 0, 0, 0, 0], "mask": null}
