{"uid": "0", "label": 0, "token_id": [0, 6179, 16, 5, 301, 9, 10, 10638, 1294, 116, 9918, 47, 6190, 110, 308, 3734, 116, 2, 2, 32251, 672, 9, 1198, 4862, 1258, 16, 615, 13, 5, 10743, 1236, 462, 3320, 245, 116, 2], "type_id": [0, 0, 0, 0, 0, 0, 0, 0, 0, 0, 0, 0, 0, 0, 0, 0, 0, 0, 0, 0, 0, 0, 0, 0, 0, 0, 0, 0, 0, 0, 0, 0, 0, 0, 0, 0], "mask": null}
{"uid": "1", "label": 1, "token_id": [0, 6179, 109, 38, 797, 127, 46216, 8597, 116, 2, 2, 6179, 109, 47, 797, 110, 21305, 6601, 116, 2], "type_id": [0, 0, 0, 0, 0, 0, 0, 0, 0, 0, 0, 0, 0, 0, 0, 0, 0, 0, 0, 0], "mask": null}
{"uid": "2", "label": 0, "token_id": [0, 2264, 4685, 35264, 3195, 7, 464, 7, 5718, 116, 2, 2, 2264, 64, 1303, 35264, 7, 283, 66, 25, 410, 6751, 116, 2], "type_id": [0, 0, 0, 0, 0, 0, 0, 0, 0, 0, 0, 0, 0, 0, 0, 0, 0, 0, 0, 0, 0, 0, 0, 0], "mask": null}
{"uid": "3", "label": 1, "token_id": [0, 2264, 64, 65, 109, 71, 17025, 3297, 116, 2, 2, 2264, 109, 939, 109, 71, 127, 17025, 3297, 17487, 2], "type_id": [0, 0, 0, 0, 0, 0, 0, 0, 0, 0, 0, 0, 0, 0, 0, 0, 0, 0, 0, 0, 0], "mask": null}
{"uid": "4", "label": 0, "token_id": [0, 13841, 64, 38, 465, 10, 476, 9455, 13, 127, 9972, 23, 5703, 4414, 116, 2, 2, 29042, 10, 200, 3062, 11, 4290, 6, 1221, 28, 956, 114, 10, 239, 12, 8619, 5569, 3104, 21, 1412, 227, 5703, 8, 4290, 116, 2], "type_id": [0, 0, 0, 0, 0, 0, 0, 0, 0, 0, 0, 0, 0, 0, 0, 0, 0, 0, 0, 0, 0, 0, 0, 0, 0, 0, 0, 0, 0, 0, 0, 0, 0, 0, 0, 0, 0, 0, 0, 0, 0, 0], "mask": null}
