{"uid": "0", "label": 0, "token_id": [0, 7608, 32, 1704, 12, 15085, 98, 2721, 116, 2, 2, 7608, 32, 39, 12560, 2857, 98, 2721, 116, 2], "type_id": [0, 0, 0, 0, 0, 0, 0, 0, 0, 0, 0, 0, 0, 0, 0, 0, 0, 0, 0, 0], "mask": null}
{"uid": "1", "label": 0, "token_id": [0, 100, 236, 7, 5445, 15221, 11, 16772, 4662, 59, 592, 1546, 6, 12196, 16, 5, 490, 936, 11, 592, 4836, 116, 2, 2, 100, 3679, 592, 433, 13, 10, 786, 12, 7699, 4, 7698, 38, 386, 164, 7, 592, 433, 11745, 1061, 116, 3945, 89, 143, 205, 1980, 11, 5, 11751, 443, 116, 2], "type_id": [0, 0, 0, 0, 0, 0, 0, 0, 0, 0, 0, 0, 0, 0, 0, 0, 0, 0, 0, 0, 0, 0, 0, 0, 0, 0, 0, 0, 0, 0, 0, 0, 0, 0, 0, 0, 0, 0, 0, 0, 0, 0, 0, 0, 0, 0, 0, 0, 0, 0, 0, 0, 0, 0, 0], "mask": null}
{"uid": "2", "label": 1, "token_id": [0, 6209, 89, 10, 1219, 596, 52, 197, 1504, 1937, 116, 2, 2, 2264, 32, 103, 2188, 7, 1504, 1937, 116, 2], "type_id": [0, 0, 0, 0, 0, 0, 0, 0, 0, 0, 0, 0, 0, 0, 0, 0, 0, 0, 0, 0, 0, 0], "mask": null}
{"uid": "3", "label": 0, "token_id": [0, 7608, 32, 82, 98, 17593, 19, 519, 10, 6096, 73, 9902, 18028, 116, 2, 2, 6179, 64, 10, 881, 2943, 33, 10, 920, 116, 2], "type_id": [0, 0, 0, 0, 0, 0, 0, 0, 0, 0, 0, 0, 0, 0, 0, 0, 0, 0, 0, 0, 0, 0, 0, 0, 0, 0], "mask": null}
{"uid": "4", "label": 0, "token_id": [0, 2264, 32, 103, 205, 1928, 1816, 2523, 1158, 19, 211, 116, 2, 2, 2264, 32, 103, 205, 1928, 1816, 2523, 1158, 19, 211, 50, 289, 116, 2], "type_id": [0, 0, 0, 0, 0, 0, 0, 0, 0, 0, 0, 0, 0, 0, 0, 0, 0, 0, 0, 0, 0, 0, 0, 0, 0, 0, 0, 0], "mask": null}
