{"uid": "0", "label": 0, "token_id": [0, 16213, 11207, 13351, 1626, 683, 15, 63, 31799, 358, 231, 4, 3416, 3875, 360, 131, 2, 2, 34526, 13351, 1626, 15, 63, 31799, 683, 498, 11, 65, 183, 4, 2], "type_id": [0, 0, 0, 0, 0, 0, 0, 0, 0, 0, 0, 0, 0, 0, 0, 0, 0, 0, 0, 0, 0, 0, 0, 0, 0, 0, 0, 0, 0, 0, 0], "mask": null}
{"uid": "1", "label": 1, "token_id": [0, 24965, 16389, 4734, 46650, 46945, 48273, 3128, 228, 183, 6, 5, 6872, 13351, 1626, 59, 63, 31799, 4, 2, 2, 34526, 13351, 1626, 15, 63, 31799, 683, 498, 11, 65, 183, 4, 2], "type_id": [0, 0, 0, 0, 0, 0, 0, 0, 0, 0, 0, 0, 0, 0, 0, 0, 0, 0, 0, 0, 0, 0, 0, 0, 0, 0, 0, 0, 0, 0, 0, 0, 0, 0], "mask": null}
{"uid": "2", "label": 0, "token_id": [0, 1899, 2459, 268, 111, 27185, 821, 3810, 9, 2131, 514, 23, 5, 4084, 9, 5, 3875, 4, 2, 2, 133, 4084, 9, 5, 3778, 16, 203, 29448, 87, 818, 932, 15, 6872, 4, 2], "type_id": [0, 0, 0, 0, 0, 0, 0, 0, 0, 0, 0, 0, 0, 0, 0, 0, 0, 0, 0, 0, 0, 0, 0, 0, 0, 0, 0, 0, 0, 0, 0, 0, 0, 0, 0], "mask": null}
{"uid": "3", "label": 1, "token_id": [0, 597, 19170, 35, 20785, 514, 13868, 38041, 64, 28, 1714, 88, 20731, 514, 29406, 149, 10, 609, 373, 7630, 1115, 18620, 479, 2, 2, 25377, 1115, 18620, 16, 2149, 13, 2992, 6936, 514, 88, 514, 29406, 4, 2], "type_id": [0, 0, 0, 0, 0, 0, 0, 0, 0, 0, 0, 0, 0, 0, 0, 0, 0, 0, 0, 0, 0, 0, 0, 0, 0, 0, 0, 0, 0, 0, 0, 0, 0, 0, 0, 0, 0, 0, 0], "mask": null}
{"uid": "4", "label": 1, "token_id": [0, 2765, 6676, 6, 5, 6872, 13351, 1626, 15, 63, 31799, 683, 228, 183, 8, 29769, 198, 5, 3778, 683, 228, 76, 4, 2, 2, 34526, 13351, 1626, 15, 63, 31799, 683, 498, 11, 65, 183, 4, 2], "type_id": [0, 0, 0, 0, 0, 0, 0, 0, 0, 0, 0, 0, 0, 0, 0, 0, 0, 0, 0, 0, 0, 0, 0, 0, 0, 0, 0, 0, 0, 0, 0, 0, 0, 0, 0, 0, 0, 0], "mask": null}
