{"uid": "0", "label": 1, "token_id": [0, 405, 128, 29, 10, 18452, 8, 747, 7920, 3251, 479, 1437, 2], "type_id": [0, 0, 0, 0, 0, 0, 0, 0, 0, 0, 0, 0, 0], "mask": null}
{"uid": "1", "label": 0, "token_id": [0, 879, 4825, 3796, 7790, 23530, 8, 7764, 1437, 2], "type_id": [0, 0, 0, 0, 0, 0, 0, 0, 0, 0], "mask": null}
{"uid": "2", "label": 1, "token_id": [0, 37984, 201, 7, 1034, 14, 295, 13887, 16, 10137, 7, 14976, 10, 538, 756, 25, 10, 1861, 648, 34906, 13321, 479, 1437, 2], "type_id": [0, 0, 0, 0, 0, 0, 0, 0, 0, 0, 0, 0, 0, 0, 0, 0, 0, 0, 0, 0, 0, 0, 0, 0], "mask": null}
{"uid": "3", "label": 1, "token_id": [0, 627, 3501, 2156, 14690, 2156, 930, 2156, 18535, 34226, 8, 2369, 32, 70, 29932, 576, 5, 931, 128, 29, 28410, 2816, 400, 293, 479, 1437, 2], "type_id": [0, 0, 0, 0, 0, 0, 0, 0, 0, 0, 0, 0, 0, 0, 0, 0, 0, 0, 0, 0, 0, 0, 0, 0, 0, 0, 0], "mask": null}
{"uid": "4", "label": 0, "token_id": [0, 405, 128, 29, 2635, 480, 182, 2156, 182, 2635, 479, 1437, 2], "type_id": [0, 0, 0, 0, 0, 0, 0, 0, 0, 0, 0, 0, 0], "mask": null}
