{"uid": "0", "label": 0.0, "token_id": [0, 250, 1816, 16, 23256, 69, 2549, 4, 2, 2, 250, 1816, 16, 32669, 69, 2549, 4, 2], "type_id": [0, 0, 0, 0, 0, 0, 0, 0, 0, 0, 0, 0, 0, 0, 0, 0, 0, 0], "mask": null}
{"uid": "1", "label": 0.0, "token_id": [0, 250, 333, 9, 604, 310, 4191, 15, 5, 4105, 4, 2, 2, 250, 333, 9, 2786, 32, 816, 4191, 15, 5, 4105, 4, 2], "type_id": [0, 0, 0, 0, 0, 0, 0, 0, 0, 0, 0, 0, 0, 0, 0, 0, 0, 0, 0, 0, 0, 0, 0, 0, 0], "mask": null}
{"uid": "2", "label": 0.0, "token_id": [0, 3762, 693, 16, 14978, 277, 693, 18, 7451, 4, 2, 2, 250, 693, 1797, 277, 693, 18, 7451, 4, 2], "type_id": [0, 0, 0, 0, 0, 0, 0, 0, 0, 0, 0, 0, 0, 0, 0, 0, 0, 0, 0, 0, 0], "mask": null}
{"uid": "3", "label": 0.0, "token_id": [0, 250, 313, 16, 3931, 62, 10, 29017, 9936, 4, 2, 2, 250, 313, 16, 40341, 10, 29017, 9936, 4, 2], "type_id": [0, 0, 0, 0, 0, 0, 0, 0, 0, 0, 0, 0, 0, 0, 0, 0, 0, 0, 0, 0, 0], "mask": null}
{"uid": "4", "label": 0.0, "token_id": [0, 250, 313, 16, 816, 10, 12280, 642, 4, 2, 2, 250, 313, 16, 816, 10, 12722, 4, 2], "type_id": [0, 0, 0, 0, 0, 0, 0, 0, 0, 0, 0, 0, 0, 0, 0, 0, 0, 0, 0], "mask": null}
