{"uid": "0", "label": 0, "token_id": [0, 133, 15160, 16, 3741, 29519, 19, 2549, 4, 85, 34, 7, 28, 17317, 4, 2, 2, 133, 2549, 34, 7, 28, 17317, 4, 2], "type_id": [0, 0, 0, 0, 0, 0, 0, 0, 0, 0, 0, 0, 0, 0, 0, 0, 0, 0, 0, 0, 0, 0, 0, 0, 0], "mask": null}
{"uid": "1", "label": 1, "token_id": [0, 35903, 6536, 15, 6470, 18, 1883, 53, 79, 222, 45, 1948, 4, 2, 2, 38621, 222, 45, 1948, 4, 2], "type_id": [0, 0, 0, 0, 0, 0, 0, 0, 0, 0, 0, 0, 0, 0, 0, 0, 0, 0, 0, 0, 0], "mask": null}
{"uid": "2", "label": 0, "token_id": [0, 387, 4774, 399, 75, 120, 5800, 19, 15282, 6, 54, 56, 847, 69, 160, 6, 142, 79, 2294, 8, 11590, 7, 2724, 4, 2, 2, 104, 2368, 2294, 8, 11590, 7, 2724, 4, 2], "type_id": [0, 0, 0, 0, 0, 0, 0, 0, 0, 0, 0, 0, 0, 0, 0, 0, 0, 0, 0, 0, 0, 0, 0, 0, 0, 0, 0, 0, 0, 0, 0, 0, 0, 0, 0], "mask": null}
{"uid": "3", "label": 1, "token_id": [0, 3084, 65, 9447, 622, 7, 28, 5074, 8, 20100, 4, 125, 10, 92, 892, 31, 5, 589, 9, 4222, 19902, 1655, 5839, 10648, 14, 14, 18, 2230, 141, 24, 817, 201, 619, 4, 2, 2, 1711, 18, 2230, 141, 622, 817, 201, 619, 4, 2], "type_id": [0, 0, 0, 0, 0, 0, 0, 0, 0, 0, 0, 0, 0, 0, 0, 0, 0, 0, 0, 0, 0, 0, 0, 0, 0, 0, 0, 0, 0, 0, 0, 0, 0, 0, 0, 0, 0, 0, 0, 0, 0, 0, 0, 0, 0, 0], "mask": null}
{"uid": "4", "label": 1, "token_id": [0, 133, 313, 1705, 75, 5258, 39, 979, 142, 37, 21, 98, 2016, 4, 2, 2, 133, 979, 21, 98, 2016, 4, 2], "type_id": [0, 0, 0, 0, 0, 0, 0, 0, 0, 0, 0, 0, 0, 0, 0, 0, 0, 0, 0, 0, 0, 0, 0], "mask": null}
